#,,,,,,"generated_by='OpenQuake engine 3.9.0-gitaf2f694cb4', start_date='2020-03-22T07:33:32', checksum=3616596807, kind='rlz-001', investigation_time=1.0, imt='PGA'"
lon,lat,depth,poe-0.1000000,poe-0.4000000,poe-0.6000000,poe-1.0000000
0.00000,0.00000,0.00000,9.947035E-03,7.447298E-04,1.025142E-04,0.000000E+00
