#,,,,,,,,,,,,,,,,,,,,,,"generated_by='OpenQuake engine 3.9.0-git792a4f4602', start_date='2020-03-28T16:16:15', checksum=478114332, kind='mean', investigation_time=1.0, imt='PGA'"
lon,lat,depth,poe-0.0050000,poe-0.0068764,poe-0.0094569,poe-0.0130059,poe-0.0178867,poe-0.0245991,poe-0.0338306,poe-0.0465264,poe-0.0639867,poe-0.0879994,poe-0.1210235,poe-0.1664408,poe-0.2289021,poe-0.3148036,poe-0.4329420,poe-0.5954149,poe-0.8188600,poe-1.1261588,poe-1.5487796,poe-2.1300000
0.00000,0.00000,0.00000,9.605027E-04,9.322410E-04,8.875082E-04,8.238811E-04,7.421248E-04,6.465922E-04,5.443521E-04,4.432146E-04,3.497429E-04,2.680726E-04,1.997770E-04,1.445671E-04,1.012161E-04,6.811611E-05,4.370533E-05,2.645441E-05,1.493441E-05,7.763049E-06,3.667042E-06,1.543243E-06
