asset_id,taxonomy,lon,lat,no_damage,slight,moderate,extreme,complete
"a1","Wood",-122.00000,38.11300,9.71846E-01,5.01580E-03,6.77250E-03,5.15818E-03,1.12078E-02
