asset_id,taxonomy,lon,lat,no_damage,slight,moderate,extreme,complete
"a1","Wood",-122.00000,38.11300,9.73447E-01,5.61296E-03,7.11490E-03,4.99410E-03,8.83059E-03
