asset_id,taxonomy,lon,lat,no_damage,slight,moderate,extreme,complete
"a1","Wood",-122.00000,38.11300,9.72647E-01,5.31438E-03,6.94370E-03,5.07614E-03,1.00192E-02
