asset_id,taxonomy,lon,lat,no_damage,slight,moderate,extreme,complete
"a1","Wood",-122.00000,38.11300,1.05280E-01,4.44080E-02,1.36839E-01,1.41180E-01,5.72292E-01
