asset_id,taxonomy,lon,lat,no_damage,slight,moderate,extreme,complete
"a3","Wood",-122.57000,38.11300,9.56464E-01,1.50812E-02,1.52055E-02,7.66344E-03,5.58538E-03
"a2","Wood",-122.11400,38.11300,1.52533E-01,1.01919E-01,1.99824E-01,1.91397E-01,3.54327E-01
"a5","Wood",-122.00000,37.91000,3.19625E-01,1.28232E-01,1.98094E-01,1.50609E-01,2.03440E-01
"a4","Wood",-122.00000,38.00000,1.14347E-01,7.03894E-02,1.47833E-01,1.63627E-01,5.03804E-01
"a1","Wood",-122.00000,38.11300,5.83524E-02,3.94636E-02,9.73544E-02,1.33365E-01,6.71465E-01
"a7","Wood",-121.88600,38.11300,1.52533E-01,1.01919E-01,1.99824E-01,1.91397E-01,3.54327E-01
