#,,,,,,,,,,,,"generated_by='OpenQuake engine 3.9.0-git792a4f4602', start_date='2020-03-28T16:12:12', checksum=1310411673, kind='std', investigation_time=50.0, imt='SA(0.1)'"
lon,lat,depth,poe-0.0001000,poe-0.0010000,poe-0.0100000,poe-0.0500000,poe-0.1000000,poe-0.1500000,poe-0.2000000,poe-0.3000000,poe-0.5000000,poe-0.8000000
-0.10000,0.00000,0.00000,2.205482E-01,2.205482E-01,2.205505E-01,2.292211E-01,2.531563E-01,2.705453E-01,2.759525E-01,2.586854E-01,1.837301E-01,9.045661E-02
0.00000,0.00000,0.00000,2.205482E-01,2.205482E-01,2.205482E-01,2.243352E-01,2.427728E-01,2.634670E-01,2.772194E-01,2.762583E-01,2.079872E-01,1.001912E-01
0.10000,0.00000,0.00000,2.205482E-01,2.205482E-01,2.205482E-01,2.273502E-01,2.515982E-01,2.729174E-01,2.830245E-01,2.710116E-01,1.969544E-01,1.194973E-01
