#,,,,,,,,,,,,"generated_by='OpenQuake engine 3.9.0-git792a4f4602', start_date='2020-03-28T16:12:12', checksum=1310411673, kind='mean', investigation_time=50.0, imt='SA(0.1)'"
lon,lat,depth,poe-0.0001000,poe-0.0010000,poe-0.0100000,poe-0.0500000,poe-0.1000000,poe-0.1500000,poe-0.2000000,poe-0.3000000,poe-0.5000000,poe-0.8000000
-0.10000,0.00000,0.00000,6.559523E-01,6.559523E-01,6.559503E-01,6.466787E-01,6.130503E-01,5.721595E-01,5.293999E-01,4.426252E-01,2.882123E-01,1.403867E-01
0.00000,0.00000,0.00000,6.559523E-01,6.559523E-01,6.559523E-01,6.514710E-01,6.238573E-01,5.822459E-01,5.357479E-01,4.396897E-01,2.703878E-01,1.190106E-01
0.10000,0.00000,0.00000,6.559523E-01,6.559523E-01,6.559523E-01,6.418385E-01,5.922449E-01,5.434275E-01,5.024422E-01,4.319877E-01,3.096086E-01,1.858464E-01
