#,,,,,,,,,"generated_by='OpenQuake engine 3.9.0-git792a4f4602', start_date='2020-03-28T16:12:12', checksum=1310411673, kind='mean', investigation_time=50.0, imt='PGA'"
lon,lat,depth,poe-0.0001000,poe-0.0010000,poe-0.0100000,poe-0.0500000,poe-0.1000000,poe-0.1500000,poe-0.2000000
-0.10000,0.00000,0.00000,6.559523E-01,6.559523E-01,6.556640E-01,6.135129E-01,5.289118E-01,4.375283E-01,3.509942E-01
0.00000,0.00000,0.00000,6.559523E-01,6.559523E-01,6.559035E-01,6.195633E-01,5.241582E-01,4.241910E-01,3.330890E-01
0.10000,0.00000,0.00000,6.559523E-01,6.559523E-01,6.555929E-01,5.843832E-01,4.870712E-01,4.118888E-01,3.455839E-01
