#,,,,,,,,,"generated_by='OpenQuake engine 3.9.0-git792a4f4602', start_date='2020-03-28T16:12:12', checksum=1310411673, kind='std', investigation_time=50.0, imt='PGA'"
lon,lat,depth,poe-0.0001000,poe-0.0010000,poe-0.0100000,poe-0.0500000,poe-0.1000000,poe-0.1500000,poe-0.2000000
-0.10000,0.00000,0.00000,2.205482E-01,2.205482E-01,2.208931E-01,2.561308E-01,2.743527E-01,2.476919E-01,2.067909E-01
0.00000,0.00000,0.00000,2.205482E-01,2.205482E-01,2.206066E-01,2.461477E-01,2.787121E-01,2.655136E-01,2.272390E-01
0.10000,0.00000,0.00000,2.205482E-01,2.205482E-01,2.207282E-01,2.555686E-01,2.830895E-01,2.588820E-01,2.173980E-01
