#,,,,,,,,,,,,"generated_by='OpenQuake engine 3.9.0-git792a4f4602', start_date='2020-03-28T16:12:12', checksum=1310411673, kind='max', investigation_time=50.0, imt='SA(0.1)'"
lon,lat,depth,poe-0.0001000,poe-0.0010000,poe-0.0100000,poe-0.0500000,poe-0.1000000,poe-0.1500000,poe-0.2000000,poe-0.3000000,poe-0.5000000,poe-0.8000000
-0.10000,0.00000,0.00000,9.994035E-01,9.994035E-01,9.994035E-01,9.990621E-01,9.964216E-01,9.879036E-01,9.691145E-01,8.923639E-01,6.387038E-01,3.099266E-01
0.00000,0.00000,0.00000,9.994035E-01,9.994035E-01,9.994035E-01,9.993192E-01,9.984478E-01,9.953266E-01,9.870229E-01,9.402094E-01,7.129959E-01,3.487361E-01
0.10000,0.00000,0.00000,9.994035E-01,9.994035E-01,9.994035E-01,9.992415E-01,9.978970E-01,9.934276E-01,9.825030E-01,9.281616E-01,6.949515E-01,3.389329E-01
