asset_id,taxonomy,lon,lat,no_damage,slight,moderate,extreme,complete
"a1","Wood",-122.00000,38.11300,9.70297E-01,4.54716E-03,8.48349E-03,5.29490E-03,1.13772E-02
