#,,,,,,,,,,,,,,"generated_by='OpenQuake engine 3.9.0-git792a4f4602', start_date='2020-03-28T16:12:21', checksum=2503288659, kind='mean', investigation_time=1.0, imt='SA(0.2)'"
lon,lat,depth,poe-0.0010197,poe-0.0101972,poe-0.0178450,poe-0.0305915,poe-0.0611830,poe-0.1019720,poe-0.1784500,poe-0.3059150,poe-0.6118300,poe-1.0197200,poe-1.7845000,poe-2.3963300
-123.23738,49.27479,0.00000,4.604224E-02,2.469735E-02,1.790599E-02,1.206828E-02,6.146999E-03,3.187156E-03,1.301820E-03,4.586050E-04,9.266487E-05,2.367917E-05,4.095078E-06,1.348959E-06
-123.23282,49.26162,0.00000,4.599583E-02,2.458824E-02,1.783017E-02,1.202781E-02,6.120193E-03,3.166798E-03,1.291656E-03,4.545221E-04,9.104847E-05,2.272477E-05,3.749657E-06,1.199933E-06
-123.20480,49.26786,0.00000,4.594743E-02,2.446413E-02,1.774303E-02,1.196645E-02,6.118094E-03,3.190414E-03,1.311928E-03,4.655209E-04,9.594976E-05,2.538892E-05,4.678330E-06,1.609333E-06
