#,,,,,,,,,,,,,,"generated_by='OpenQuake engine 3.9.0-git792a4f4602', start_date='2020-03-28T16:12:21', checksum=2503288659, kind='mean', investigation_time=1.0, imt='SA(1.0)'"
lon,lat,depth,poe-0.0010197,poe-0.0101972,poe-0.0178450,poe-0.0305915,poe-0.0611830,poe-0.1019720,poe-0.1784500,poe-0.3059150,poe-0.6118300,poe-1.0197200,poe-1.7845000,poe-2.3963300
-123.23738,49.27479,0.00000,3.759858E-02,1.088853E-02,6.500350E-03,3.549890E-03,1.357603E-03,5.747004E-04,1.912854E-04,5.668912E-05,9.161508E-06,1.783619E-06,1.773671E-07,3.381581E-08
-123.23282,49.26162,0.00000,3.752717E-02,1.085193E-02,6.470775E-03,3.530657E-03,1.349400E-03,5.709472E-04,1.896606E-04,5.575174E-05,8.741875E-06,1.640094E-06,1.544493E-07,2.832740E-08
-123.20480,49.26786,0.00000,3.744586E-02,1.083845E-02,6.476725E-03,3.539790E-03,1.356303E-03,5.763549E-04,1.936625E-04,5.848530E-05,9.879216E-06,2.014654E-06,2.131973E-07,4.386294E-08
