#,,,,"generated_by='OpenQuake engine 3.9.0-git792a4f4602', start_date='2020-03-28T16:12:21', checksum=2503288659, kind='rlz-001', investigation_time=1.0"
lon,lat,0.002105~PGA,0.002105~SA(0.2),0.002105~SA(1.0)
-123.23738,49.27479,5.793030E-02,1.291784E-01,4.332959E-02
-123.23282,49.26162,5.759196E-02,1.286106E-01,4.314760E-02
-123.20480,49.26786,5.821205E-02,1.295470E-01,4.327031E-02
