asset_id,taxonomy,lon,lat,no_damage,slight,moderate,extreme,complete
"a3","Concrete",-122.57000,38.11300,8.32013E-01,9.31481E-02,5.78455E-02,1.35667E-02,3.42609E-03
"a2","Wood",-122.11400,38.11300,1.52533E-01,1.01919E-01,1.99824E-01,1.91397E-01,3.54327E-01
"a5","Steel",-122.00000,37.91000,6.49475E-01,2.04339E-01,8.88633E-02,3.86426E-02,1.86805E-02
"a4","Concrete",-122.00000,38.00000,1.05021E-01,1.05569E-01,2.25305E-01,2.19252E-01,3.44853E-01
"a1","Wood",-122.00000,38.11300,5.83524E-02,3.94636E-02,9.73544E-02,1.33365E-01,6.71465E-01
"a7","Steel",-121.88600,38.11300,4.93739E-01,2.63704E-01,1.38648E-01,6.73475E-02,3.65620E-02
