#,,,,,,,,,,,,,,,,,,,,,,,,"generated_by='OpenQuake engine 3.9.0-git792a4f4602', start_date='2020-03-28T16:12:39', checksum=2014426394, kind='mean', investigation_time=50.0, imt='SA(0.15)'"
lon,lat,depth,poe-0.0040000,poe-0.0050000,poe-0.0070000,poe-0.0098000,poe-0.0137000,poe-0.0192000,poe-0.0269000,poe-0.0376000,poe-0.0527000,poe-0.0738000,poe-0.1030000,poe-0.1450000,poe-0.2030000,poe-0.2840000,poe-0.3970000,poe-0.5560000,poe-0.7780000,poe-1.0900000,poe-1.5200000,poe-2.1300000,poe-2.8500000,poe-3.4500000
16.26570,39.30020,0.00000,6.958742E-01,6.825548E-01,6.565923E-01,6.223877E-01,5.781831E-01,5.208818E-01,4.492620E-01,3.660936E-01,2.776346E-01,1.952106E-01,1.276636E-01,7.652833E-02,4.310210E-02,2.283416E-02,1.150867E-02,5.570011E-03,2.667937E-03,1.296750E-03,6.570737E-04,3.387816E-04,1.914588E-04,1.301610E-04
