#,,,,,,,,,,,,,,,,,,,,"generated_by='OpenQuake engine 3.9.0-git792a4f4602', start_date='2020-03-28T16:12:39', checksum=2014426394, kind='mean', investigation_time=50.0, imt='PGA'"
lon,lat,depth,poe-0.0137000,poe-0.0192000,poe-0.0269000,poe-0.0376000,poe-0.0527000,poe-0.0738000,poe-0.1030000,poe-0.1450000,poe-0.2030000,poe-0.2840000,poe-0.3970000,poe-0.5560000,poe-0.7780000,poe-1.0900000,poe-1.5200000,poe-2.1300000,poe-2.8500000,poe-3.4500000
16.26570,39.30020,0.00000,4.253756E-01,3.353900E-01,2.454059E-01,1.668140E-01,1.051391E-01,6.212858E-02,3.480700E-02,1.813988E-02,9.058592E-03,4.320826E-03,1.979908E-03,8.811547E-04,3.956309E-04,1.790280E-04,7.983805E-05,3.274755E-05,1.369744E-05,7.249588E-06
