#,,"generated_by='OpenQuake engine 3.9.0-git792a4f4602', start_date='2020-03-28T16:15:04', checksum=1553247118, smlt_path='b1', gsimlt_path='b1', imt='SA', investigation_time=50.0, lon=10.099999999999994, lat=40.1, poe='0.1000000', iml='3.2777937e-01', rlz=0"
mag,dist,poe
5.50000E+00,1.25000E+01,5.40524E-02
5.50000E+00,3.75000E+01,3.66588E-04
6.50000E+00,1.25000E+01,2.67588E-02
6.50000E+00,3.75000E+01,3.89150E-03
7.50000E+00,1.25000E+01,9.18114E-03
7.50000E+00,3.75000E+01,4.87796E-04
