#,,,,,"generated_by='OpenQuake engine 3.9.0-git792a4f4602', start_date='2020-03-28T16:14:18', checksum=1870360642, kind='mean', investigation_time=1.0, imt='PGA'"
lon,lat,depth,poe-0.1000000,poe-0.1200000,poe-0.2000000
0.00000,0.00000,0.00000,7.949015E-01,7.640948E-01,3.538339E-01
