asset_id,taxonomy,lon,lat,no_damage,slight,moderate,extreme,complete
"a1","Wood",-122.00000,38.11300,9.71781E-01,5.01519E-03,6.78017E-03,5.17049E-03,1.12533E-02
