#,,,,,,,,,,,,,,,,,,,,,"generated_by='OpenQuake engine 3.9.0-git792a4f4602', start_date='2020-03-28T16:12:52', checksum=396512399, kind='rlz-000', investigation_time=50.0, imt='SA(1.0)'"
lon,lat,depth,poe-0.0050000,poe-0.0070000,poe-0.0098000,poe-0.0137000,poe-0.0192000,poe-0.0269000,poe-0.0376000,poe-0.0527000,poe-0.0738000,poe-0.1030000,poe-0.1450000,poe-0.2030000,poe-0.2840000,poe-0.3970000,poe-0.5560000,poe-0.7780000,poe-1.0900000,poe-1.5200000,poe-2.1300000
0.00000,0.00000,0.00000,6.436670E-01,6.051974E-01,5.508877E-01,4.845551E-01,4.126815E-01,3.437004E-01,2.824101E-01,2.277662E-01,1.779700E-01,1.321032E-01,9.017577E-02,5.674450E-02,3.257252E-02,1.694136E-02,7.812238E-03,3.155923E-03,1.073081E-03,2.962701E-04,5.565337E-05
