#,,,,,,"generated_by='OpenQuake engine 3.9.0-gitaf2f694cb4', start_date='2020-03-22T07:27:41', checksum=3516643643, kind='rlz-024', investigation_time=1.0, imt='PGA'"
lon,lat,depth,poe-0.0100000,poe-0.1000000,poe-0.3000000,poe-1.0000000
-64.91005,0.00000,0.00000,2.660703E-02,1.181951E-02,4.771201E-03,9.443852E-05
