#,,,,,,"generated_by='OpenQuake engine 3.9.0-git792a4f4602', start_date='2020-03-28T16:12:46', checksum=3516643643, kind='rlz-015', investigation_time=1.0, imt='PGA'"
lon,lat,depth,poe-0.0100000,poe-0.1000000,poe-0.3000000,poe-1.0000000
-64.91005,0.00000,0.00000,8.558196E-02,7.257202E-02,5.178664E-02,1.403854E-03
