#,,,,,,"generated_by='OpenQuake engine 3.9.0-gitaf2f694cb4', start_date='2020-03-22T07:33:29', checksum=3078626546, kind='rlz-001', investigation_time=1.0, imt='PGA'"
lon,lat,depth,poe-0.1000000,poe-0.4000000,poe-0.6000000,poe-1.0000000
0.00000,0.00000,0.00000,9.940266E-03,7.517963E-04,9.567718E-05,0.000000E+00
