#,,,,,,"generated_by='OpenQuake engine 3.9.0-gitaf2f694cb4', start_date='2020-03-22T07:33:29', checksum=3078626546, kind='rlz-002', investigation_time=1.0, imt='PGA'"
lon,lat,depth,poe-0.1000000,poe-0.4000000,poe-0.6000000,poe-1.0000000
0.00000,0.00000,0.00000,9.992493E-04,4.528852E-05,4.002828E-06,0.000000E+00
