asset_id,taxonomy,lon,lat,no_damage,slight,moderate,extreme,complete
"a1","Wood",-122.00000,38.11300,4.85149E+00,2.27358E-02,4.24175E-02,2.64745E-02,5.68862E-02
