asset_id,taxonomy,lon,lat,no_damage,slight,moderate,extreme,complete
"a1","Wood",-122.00000,38.11300,9.71848E-01,3.87235E-03,6.10909E-03,5.00737E-03,1.31635E-02
