asset_id,taxonomy,lon,lat,no_damage,slight,moderate,extreme,complete
"a1","Wood",-122.00000,38.11300,1.04198E-01,4.37630E-02,1.35424E-01,1.40547E-01,5.76069E-01
