#,"generated_by='OpenQuake engine 3.9.0-git792a4f4602', start_date='2020-03-28T16:14:33', checksum=2673797252, smlt_path='b1', gsimlt_path='b1', imt='SA', investigation_time=50.0, lon=10.099999999999994, lat=40.1, poe='0.0200000', iml='5.8714842e-01', rlz=0"
mag,poe
5.50000E+00,8.46986E-03
6.50000E+00,7.04564E-03
7.50000E+00,3.26636E-03
