#,,"generated_by='OpenQuake engine 3.9.0-gitaf2f694cb4', start_date='2020-03-22T07:32:53', checksum=3450566160, kind='mean', investigation_time=1.0"
lon,lat,PGA-0.002105
-71.90000,-37.10000,3.092616E-02
