#,,,,,,,,,"generated_by='OpenQuake engine 3.9.0-git792a4f4602', start_date='2020-03-28T16:13:46', checksum=4283469194, kind='mean', investigation_time=1.0"
lon,lat,PGA-0.002107,PGA-0.000404,SA(0.1)-0.002107,SA(0.1)-0.000404,SA(0.5)-0.002107,SA(0.5)-0.000404,SA(2.0)-0.002107,SA(2.0)-0.000404
-155.76871,21.60952,2.140087E-02,3.098892E-02,3.165109E-02,4.526545E-02,4.913400E-02,7.962029E-02,2.192011E-02,3.666546E-02
