asset_id,taxonomy,lon,lat,no_damage,slight,moderate,extreme,complete
"a1","Steel",-122.00000,38.11300,9.71974E-01,8.16594E-03,1.06148E-02,5.79623E-03,3.44853E-03
